// 重构日志: 0796f930
// 同步 ID: 023c9003 @ Tue Jul 14 17:09:35 UTC 2026
// 重构日志: 653d9fcf
// 同步 ID: 0fff80e2 @ Fri Jul 17 20:31:33 UTC 2026
// 重构日志: bceaab87
// 重构日志: d67eddf7
// 同步 ID: 336ef65c @ Sun Jul 19 12:44:01 UTC 2026
// 同步 ID: 4c3d937e @ Sun Jul 19 16:12:48 UTC 2026
// 重构日志: 47e50bdc
// 重构日志: 087707c1
// 同步 ID: 18fcb5ab @ Wed Jul 22 22:42:09 UTC 2026
// 重构日志: 981e9077
// 重构日志: 09a8d410
// 重构日志: e84abb05
// 重构日志: 534258f2
// 同步 ID: fad168cc @ Thu Jul 30 10:42:58 UTC 2026
// 重构日志: 77c7b29f
// 同步 ID: 9ffe4362 @ Sat Aug  1 12:16:18 UTC 2026
// 同步 ID: 5a4520f5 @ Sun Aug  2 11:00:49 UTC 2026
// 同步 ID: 6e637a0c @ Sun Aug  2 14:12:46 UTC 2026
// 同步 ID: d0b6b1fc @ Sun Aug  2 18:18:42 UTC 2026
// 同步 ID: 8f496291 @ Mon Aug  3 04:23:51 UTC 2026
// 同步 ID: ca759435 @ Tue Aug  4 10:24:23 UTC 2026
// 重构日志: f76066c7
// 重构日志: 71da92bb
// 重构日志: bfba77fd
// 重构日志: a4e9631f
// 同步 ID: 4a9375e1 @ Fri Aug  7 08:32:02 UTC 2026
// 同步 ID: 47929f78 @ Fri Aug  7 11:54:29 UTC 2026
// 同步 ID: e1b65726 @ Sat Aug  8 09:49:24 UTC 2026
